// Jest Snapshot v1, https://goo.gl/fbAQLP

exports[`02_typescript should work with recorded events 1`] = `
"
    <div id=\\"app\\"><h1>Counter</h1><div>numRendered: 10<div><span>Count: 1</span><button type=\\"button\\">+1</button><button type=\\"button\\">-1</button></div></div><div>numRendered: 12<div><span>Count: 1</span><button type=\\"button\\">+1</button><button type=\\"button\\">-1</button></div></div><h1>Person</h1><div>numRendered: 2<div>numRendered: 18<div><span>Count: 1</span><button type=\\"button\\">+1</button><button type=\\"button\\">-1</button></div></div><div>First Name:<input value=\\"\\"></div><div>Last Name:<input value=\\"\\"></div><div>Age:<input value=\\"0\\"></div></div><div>numRendered: 6<div>numRendered: 20<div><span>Count: 1</span><button type=\\"button\\">+1</button><button type=\\"button\\">-1</button></div></div><div>First Name:<input value=\\"\\"></div><div>Last Name:<input value=\\"\\"></div><div>Age:<input value=\\"0\\"></div></div></div>
  

"
`;

exports[`02_typescript should work with recorded events 2`] = `
"
    <div id=\\"app\\"><h1>Counter</h1><div>numRendered: 18<div><span>Count: 2</span><button type=\\"button\\">+1</button><button type=\\"button\\">-1</button></div></div><div>numRendered: 20<div><span>Count: 2</span><button type=\\"button\\">+1</button><button type=\\"button\\">-1</button></div></div><h1>Person</h1><div>numRendered: 2<div>numRendered: 30<div><span>Count: 2</span><button type=\\"button\\">+1</button><button type=\\"button\\">-1</button></div></div><div>First Name:<input value=\\"\\"></div><div>Last Name:<input value=\\"\\"></div><div>Age:<input value=\\"0\\"></div></div><div>numRendered: 6<div>numRendered: 32<div><span>Count: 2</span><button type=\\"button\\">+1</button><button type=\\"button\\">-1</button></div></div><div>First Name:<input value=\\"\\"></div><div>Last Name:<input value=\\"\\"></div><div>Age:<input value=\\"0\\"></div></div></div>
  

"
`;

exports[`02_typescript should work with recorded events 3`] = `
"
    <div id=\\"app\\"><h1>Counter</h1><div>numRendered: 26<div><span>Count: 1</span><button type=\\"button\\">+1</button><button type=\\"button\\">-1</button></div></div><div>numRendered: 28<div><span>Count: 1</span><button type=\\"button\\">+1</button><button type=\\"button\\">-1</button></div></div><h1>Person</h1><div>numRendered: 2<div>numRendered: 42<div><span>Count: 1</span><button type=\\"button\\">+1</button><button type=\\"button\\">-1</button></div></div><div>First Name:<input value=\\"\\"></div><div>Last Name:<input value=\\"\\"></div><div>Age:<input value=\\"0\\"></div></div><div>numRendered: 6<div>numRendered: 44<div><span>Count: 1</span><button type=\\"button\\">+1</button><button type=\\"button\\">-1</button></div></div><div>First Name:<input value=\\"\\"></div><div>Last Name:<input value=\\"\\"></div><div>Age:<input value=\\"0\\"></div></div></div>
  

"
`;

exports[`02_typescript should work with recorded events 4`] = `
"
    <div id=\\"app\\"><h1>Counter</h1><div>numRendered: 34<div><span>Count: 0</span><button type=\\"button\\">+1</button><button type=\\"button\\">-1</button></div></div><div>numRendered: 36<div><span>Count: 0</span><button type=\\"button\\">+1</button><button type=\\"button\\">-1</button></div></div><h1>Person</h1><div>numRendered: 2<div>numRendered: 54<div><span>Count: 0</span><button type=\\"button\\">+1</button><button type=\\"button\\">-1</button></div></div><div>First Name:<input value=\\"\\"></div><div>Last Name:<input value=\\"\\"></div><div>Age:<input value=\\"0\\"></div></div><div>numRendered: 6<div>numRendered: 56<div><span>Count: 0</span><button type=\\"button\\">+1</button><button type=\\"button\\">-1</button></div></div><div>First Name:<input value=\\"\\"></div><div>Last Name:<input value=\\"\\"></div><div>Age:<input value=\\"0\\"></div></div></div>
  

"
`;

exports[`02_typescript should work with recorded events 5`] = `
"
    <div id=\\"app\\"><h1>Counter</h1><div>numRendered: 42<div><span>Count: 1</span><button type=\\"button\\">+1</button><button type=\\"button\\">-1</button></div></div><div>numRendered: 44<div><span>Count: 1</span><button type=\\"button\\">+1</button><button type=\\"button\\">-1</button></div></div><h1>Person</h1><div>numRendered: 2<div>numRendered: 66<div><span>Count: 1</span><button type=\\"button\\">+1</button><button type=\\"button\\">-1</button></div></div><div>First Name:<input value=\\"\\"></div><div>Last Name:<input value=\\"\\"></div><div>Age:<input value=\\"0\\"></div></div><div>numRendered: 6<div>numRendered: 68<div><span>Count: 1</span><button type=\\"button\\">+1</button><button type=\\"button\\">-1</button></div></div><div>First Name:<input value=\\"\\"></div><div>Last Name:<input value=\\"\\"></div><div>Age:<input value=\\"0\\"></div></div></div>
  

"
`;

exports[`02_typescript should work with recorded events 6`] = `
"
    <div id=\\"app\\"><h1>Counter</h1><div>numRendered: 50<div><span>Count: 2</span><button type=\\"button\\">+1</button><button type=\\"button\\">-1</button></div></div><div>numRendered: 52<div><span>Count: 2</span><button type=\\"button\\">+1</button><button type=\\"button\\">-1</button></div></div><h1>Person</h1><div>numRendered: 2<div>numRendered: 78<div><span>Count: 2</span><button type=\\"button\\">+1</button><button type=\\"button\\">-1</button></div></div><div>First Name:<input value=\\"\\"></div><div>Last Name:<input value=\\"\\"></div><div>Age:<input value=\\"0\\"></div></div><div>numRendered: 6<div>numRendered: 80<div><span>Count: 2</span><button type=\\"button\\">+1</button><button type=\\"button\\">-1</button></div></div><div>First Name:<input value=\\"\\"></div><div>Last Name:<input value=\\"\\"></div><div>Age:<input value=\\"0\\"></div></div></div>
  

"
`;

exports[`02_typescript should work with recorded events 7`] = `
"
    <div id=\\"app\\"><h1>Counter</h1><div>numRendered: 58<div><span>Count: 1</span><button type=\\"button\\">+1</button><button type=\\"button\\">-1</button></div></div><div>numRendered: 60<div><span>Count: 1</span><button type=\\"button\\">+1</button><button type=\\"button\\">-1</button></div></div><h1>Person</h1><div>numRendered: 2<div>numRendered: 90<div><span>Count: 1</span><button type=\\"button\\">+1</button><button type=\\"button\\">-1</button></div></div><div>First Name:<input value=\\"\\"></div><div>Last Name:<input value=\\"\\"></div><div>Age:<input value=\\"0\\"></div></div><div>numRendered: 6<div>numRendered: 92<div><span>Count: 1</span><button type=\\"button\\">+1</button><button type=\\"button\\">-1</button></div></div><div>First Name:<input value=\\"\\"></div><div>Last Name:<input value=\\"\\"></div><div>Age:<input value=\\"0\\"></div></div></div>
  

"
`;

exports[`02_typescript should work with recorded events 8`] = `
"
    <div id=\\"app\\"><h1>Counter</h1><div>numRendered: 66<div><span>Count: 0</span><button type=\\"button\\">+1</button><button type=\\"button\\">-1</button></div></div><div>numRendered: 68<div><span>Count: 0</span><button type=\\"button\\">+1</button><button type=\\"button\\">-1</button></div></div><h1>Person</h1><div>numRendered: 2<div>numRendered: 102<div><span>Count: 0</span><button type=\\"button\\">+1</button><button type=\\"button\\">-1</button></div></div><div>First Name:<input value=\\"\\"></div><div>Last Name:<input value=\\"\\"></div><div>Age:<input value=\\"0\\"></div></div><div>numRendered: 6<div>numRendered: 104<div><span>Count: 0</span><button type=\\"button\\">+1</button><button type=\\"button\\">-1</button></div></div><div>First Name:<input value=\\"\\"></div><div>Last Name:<input value=\\"\\"></div><div>Age:<input value=\\"0\\"></div></div></div>
  

"
`;

exports[`02_typescript should work with recorded events 9`] = `
"
    <div id=\\"app\\"><h1>Counter</h1><div>numRendered: 66<div><span>Count: 0</span><button type=\\"button\\">+1</button><button type=\\"button\\">-1</button></div></div><div>numRendered: 68<div><span>Count: 0</span><button type=\\"button\\">+1</button><button type=\\"button\\">-1</button></div></div><h1>Person</h1><div>numRendered: 2<div>numRendered: 102<div><span>Count: 0</span><button type=\\"button\\">+1</button><button type=\\"button\\">-1</button></div></div><div>First Name:<input value=\\"\\"></div><div>Last Name:<input value=\\"\\"></div><div>Age:<input value=\\"0\\"></div></div><div>numRendered: 6<div>numRendered: 104<div><span>Count: 0</span><button type=\\"button\\">+1</button><button type=\\"button\\">-1</button></div></div><div>First Name:<input value=\\"\\"></div><div>Last Name:<input value=\\"\\"></div><div>Age:<input value=\\"0\\"></div></div></div>
  

"
`;

exports[`02_typescript should work with recorded events 10`] = `
"
    <div id=\\"app\\"><h1>Counter</h1><div>numRendered: 66<div><span>Count: 0</span><button type=\\"button\\">+1</button><button type=\\"button\\">-1</button></div></div><div>numRendered: 68<div><span>Count: 0</span><button type=\\"button\\">+1</button><button type=\\"button\\">-1</button></div></div><h1>Person</h1><div>numRendered: 114<div>numRendered: 116a<div><span>Count: 0</span><button type=\\"button\\">+1</button><button type=\\"button\\">-1</button></div></div><div>First Name:<input value=\\"a\\"></div><div>Last Name:<input value=\\"\\"></div><div>Age:<input value=\\"0\\"></div></div><div>numRendered: 118<div>numRendered: 120a<div><span>Count: 0</span><button type=\\"button\\">+1</button><button type=\\"button\\">-1</button></div></div><div>First Name:<input value=\\"a\\"></div><div>Last Name:<input value=\\"\\"></div><div>Age:<input value=\\"0\\"></div></div></div>
  

"
`;

exports[`02_typescript should work with recorded events 11`] = `
"
    <div id=\\"app\\"><h1>Counter</h1><div>numRendered: 66<div><span>Count: 0</span><button type=\\"button\\">+1</button><button type=\\"button\\">-1</button></div></div><div>numRendered: 68<div><span>Count: 0</span><button type=\\"button\\">+1</button><button type=\\"button\\">-1</button></div></div><h1>Person</h1><div>numRendered: 130<div>numRendered: 132ab<div><span>Count: 0</span><button type=\\"button\\">+1</button><button type=\\"button\\">-1</button></div></div><div>First Name:<input value=\\"ab\\"></div><div>Last Name:<input value=\\"\\"></div><div>Age:<input value=\\"0\\"></div></div><div>numRendered: 134<div>numRendered: 136ab<div><span>Count: 0</span><button type=\\"button\\">+1</button><button type=\\"button\\">-1</button></div></div><div>First Name:<input value=\\"ab\\"></div><div>Last Name:<input value=\\"\\"></div><div>Age:<input value=\\"0\\"></div></div></div>
  

"
`;

exports[`02_typescript should work with recorded events 12`] = `
"
    <div id=\\"app\\"><h1>Counter</h1><div>numRendered: 66<div><span>Count: 0</span><button type=\\"button\\">+1</button><button type=\\"button\\">-1</button></div></div><div>numRendered: 68<div><span>Count: 0</span><button type=\\"button\\">+1</button><button type=\\"button\\">-1</button></div></div><h1>Person</h1><div>numRendered: 146<div>numRendered: 148abc<div><span>Count: 0</span><button type=\\"button\\">+1</button><button type=\\"button\\">-1</button></div></div><div>First Name:<input value=\\"abc\\"></div><div>Last Name:<input value=\\"\\"></div><div>Age:<input value=\\"0\\"></div></div><div>numRendered: 150<div>numRendered: 152abc<div><span>Count: 0</span><button type=\\"button\\">+1</button><button type=\\"button\\">-1</button></div></div><div>First Name:<input value=\\"abc\\"></div><div>Last Name:<input value=\\"\\"></div><div>Age:<input value=\\"0\\"></div></div></div>
  

"
`;

exports[`02_typescript should work with recorded events 13`] = `
"
    <div id=\\"app\\"><h1>Counter</h1><div>numRendered: 66<div><span>Count: 0</span><button type=\\"button\\">+1</button><button type=\\"button\\">-1</button></div></div><div>numRendered: 68<div><span>Count: 0</span><button type=\\"button\\">+1</button><button type=\\"button\\">-1</button></div></div><h1>Person</h1><div>numRendered: 162<div>numRendered: 164abc<div><span>Count: 0</span><button type=\\"button\\">+1</button><button type=\\"button\\">-1</button></div></div><div>First Name:<input value=\\"abc\\"></div><div>Last Name:<input value=\\"d\\"></div><div>Age:<input value=\\"0\\"></div></div><div>numRendered: 166<div>numRendered: 168abc<div><span>Count: 0</span><button type=\\"button\\">+1</button><button type=\\"button\\">-1</button></div></div><div>First Name:<input value=\\"abc\\"></div><div>Last Name:<input value=\\"d\\"></div><div>Age:<input value=\\"0\\"></div></div></div>
  

"
`;

exports[`02_typescript should work with recorded events 14`] = `
"
    <div id=\\"app\\"><h1>Counter</h1><div>numRendered: 66<div><span>Count: 0</span><button type=\\"button\\">+1</button><button type=\\"button\\">-1</button></div></div><div>numRendered: 68<div><span>Count: 0</span><button type=\\"button\\">+1</button><button type=\\"button\\">-1</button></div></div><h1>Person</h1><div>numRendered: 178<div>numRendered: 180abc<div><span>Count: 0</span><button type=\\"button\\">+1</button><button type=\\"button\\">-1</button></div></div><div>First Name:<input value=\\"abc\\"></div><div>Last Name:<input value=\\"de\\"></div><div>Age:<input value=\\"0\\"></div></div><div>numRendered: 182<div>numRendered: 184abc<div><span>Count: 0</span><button type=\\"button\\">+1</button><button type=\\"button\\">-1</button></div></div><div>First Name:<input value=\\"abc\\"></div><div>Last Name:<input value=\\"de\\"></div><div>Age:<input value=\\"0\\"></div></div></div>
  

"
`;

exports[`02_typescript should work with recorded events 15`] = `
"
    <div id=\\"app\\"><h1>Counter</h1><div>numRendered: 66<div><span>Count: 0</span><button type=\\"button\\">+1</button><button type=\\"button\\">-1</button></div></div><div>numRendered: 68<div><span>Count: 0</span><button type=\\"button\\">+1</button><button type=\\"button\\">-1</button></div></div><h1>Person</h1><div>numRendered: 194<div>numRendered: 196abc<div><span>Count: 0</span><button type=\\"button\\">+1</button><button type=\\"button\\">-1</button></div></div><div>First Name:<input value=\\"abc\\"></div><div>Last Name:<input value=\\"def\\"></div><div>Age:<input value=\\"0\\"></div></div><div>numRendered: 198<div>numRendered: 200abc<div><span>Count: 0</span><button type=\\"button\\">+1</button><button type=\\"button\\">-1</button></div></div><div>First Name:<input value=\\"abc\\"></div><div>Last Name:<input value=\\"def\\"></div><div>Age:<input value=\\"0\\"></div></div></div>
  

"
`;

exports[`02_typescript should work with recorded events 16`] = `
"
    <div id=\\"app\\"><h1>Counter</h1><div>numRendered: 66<div><span>Count: 0</span><button type=\\"button\\">+1</button><button type=\\"button\\">-1</button></div></div><div>numRendered: 68<div><span>Count: 0</span><button type=\\"button\\">+1</button><button type=\\"button\\">-1</button></div></div><h1>Person</h1><div>numRendered: 210<div>numRendered: 212abc<div><span>Count: 0</span><button type=\\"button\\">+1</button><button type=\\"button\\">-1</button></div></div><div>First Name:<input value=\\"abc\\"></div><div>Last Name:<input value=\\"def\\"></div><div>Age:<input value=\\"1\\"></div></div><div>numRendered: 214<div>numRendered: 216abc<div><span>Count: 0</span><button type=\\"button\\">+1</button><button type=\\"button\\">-1</button></div></div><div>First Name:<input value=\\"abc\\"></div><div>Last Name:<input value=\\"def\\"></div><div>Age:<input value=\\"1\\"></div></div></div>
  

"
`;

exports[`02_typescript should work with recorded events 17`] = `
"
    <div id=\\"app\\"><h1>Counter</h1><div>numRendered: 66<div><span>Count: 0</span><button type=\\"button\\">+1</button><button type=\\"button\\">-1</button></div></div><div>numRendered: 68<div><span>Count: 0</span><button type=\\"button\\">+1</button><button type=\\"button\\">-1</button></div></div><h1>Person</h1><div>numRendered: 226<div>numRendered: 228abc<div><span>Count: 0</span><button type=\\"button\\">+1</button><button type=\\"button\\">-1</button></div></div><div>First Name:<input value=\\"abc\\"></div><div>Last Name:<input value=\\"def\\"></div><div>Age:<input value=\\"12\\"></div></div><div>numRendered: 230<div>numRendered: 232abc<div><span>Count: 0</span><button type=\\"button\\">+1</button><button type=\\"button\\">-1</button></div></div><div>First Name:<input value=\\"abc\\"></div><div>Last Name:<input value=\\"def\\"></div><div>Age:<input value=\\"12\\"></div></div></div>
  

"
`;

exports[`02_typescript should work with recorded events 18`] = `
"
    <div id=\\"app\\"><h1>Counter</h1><div>numRendered: 66<div><span>Count: 0</span><button type=\\"button\\">+1</button><button type=\\"button\\">-1</button></div></div><div>numRendered: 68<div><span>Count: 0</span><button type=\\"button\\">+1</button><button type=\\"button\\">-1</button></div></div><h1>Person</h1><div>numRendered: 242<div>numRendered: 244abc<div><span>Count: 0</span><button type=\\"button\\">+1</button><button type=\\"button\\">-1</button></div></div><div>First Name:<input value=\\"abc\\"></div><div>Last Name:<input value=\\"def\\"></div><div>Age:<input value=\\"123\\"></div></div><div>numRendered: 246<div>numRendered: 248abc<div><span>Count: 0</span><button type=\\"button\\">+1</button><button type=\\"button\\">-1</button></div></div><div>First Name:<input value=\\"abc\\"></div><div>Last Name:<input value=\\"def\\"></div><div>Age:<input value=\\"123\\"></div></div></div>
  

"
`;
